19:06:50 **** Build of configuration Debug for project TOGGLE_LED ****
make -j16 all 
arm-none-eabi-gcc -mcpu=cortex-m3 -g3 -c -x assembler-with-cpp -MMD -MP -MF"Startup/startup_stm32f103c6tx.d" -MT"Startup/startup_stm32f103c6tx.o" --specs=nano.specs -mfloat-abi=soft -mthumb -o "Startup/startup_stm32f103c6tx.o" "../Startup/startup_stm32f103c6tx.s"
arm-none-eabi-gcc "../Src/STM32F103CX_GPIO.c" -mcpu=cortex-m3 -std=gnu11 -g3 -DSTM32 -DSTM32F1 -DSTM32F103C6Tx -DDEBUG -c -I../Inc -O0 -ffunction-sections -fdata-sections -Wall -fstack-usage -MMD -MP -MF"Src/STM32F103CX_GPIO.d" -MT"Src/STM32F103CX_GPIO.o" --specs=nano.specs -mfloat-abi=soft -mthumb -o "Src/STM32F103CX_GPIO.o"
arm-none-eabi-gcc "../Src/main.c" -mcpu=cortex-m3 -std=gnu11 -g3 -DSTM32 -DSTM32F1 -DSTM32F103C6Tx -DDEBUG -c -I../Inc -O0 -ffunction-sections -fdata-sections -Wall -fstack-usage -MMD -MP -MF"Src/main.d" -MT"Src/main.o" --specs=nano.specs -mfloat-abi=soft -mthumb -o "Src/main.o"
arm-none-eabi-gcc "../Src/syscalls.c" -mcpu=cortex-m3 -std=gnu11 -g3 -DSTM32 -DSTM32F1 -DSTM32F103C6Tx -DDEBUG -c -I../Inc -O0 -ffunction-sections -fdata-sections -Wall -fstack-usage -MMD -MP -MF"Src/syscalls.d" -MT"Src/syscalls.o" --specs=nano.specs -mfloat-abi=soft -mthumb -o "Src/syscalls.o"
arm-none-eabi-gcc "../Src/sysmem.c" -mcpu=cortex-m3 -std=gnu11 -g3 -DSTM32 -DSTM32F1 -DSTM32F103C6Tx -DDEBUG -c -I../Inc -O0 -ffunction-sections -fdata-sections -Wall -fstack-usage -MMD -MP -MF"Src/sysmem.d" -MT"Src/sysmem.o" --specs=nano.specs -mfloat-abi=soft -mthumb -o "Src/sysmem.o"
arm-none-eabi-gcc -o "TOGGLE_LED.elf" @"objects.list"   -mcpu=cortex-m3 -T"D:\work\Diploma\Embedded C\Unit_3\Lecture_1\TOGGLE_LED\STM32F103C6TX_FLASH.ld" --specs=nosys.specs -Wl,-Map="TOGGLE_LED.map" -Wl,--gc-sections -static --specs=nano.specs -mfloat-abi=soft -mthumb -Wl,--start-group -lc -lm -Wl,--end-group
Finished building target: TOGGLE_LED.elf
 
arm-none-eabi-size   TOGGLE_LED.elf 
arm-none-eabi-objdump -h -S  TOGGLE_LED.elf  > "TOGGLE_LED.list"
arm-none-eabi-objcopy  -O binary  TOGGLE_LED.elf  "TOGGLE_LED.bin"
   text	   data	    bss	    dec	    hex	filename
    776	      8	   1568	   2352	    930	TOGGLE_LED.elf
Finished building: default.size.stdout
 
Finished building: TOGGLE_LED.bin
Finished building: TOGGLE_LED.list
 
 
19:07:11 **** Incremental Build of configuration Debug for project TOGGLE_LED ****
make -j16 all 
arm-none-eabi-size   TOGGLE_LED.elf 
arm-none-eabi-objcopy  -O ihex  TOGGLE_LED.elf  "TOGGLE_LED.hex"
   text	   data	    bss	    dec	    hex	filename
    776	      8	   1568	   2352	    930	TOGGLE_LED.elf
Finished building: default.size.stdout
 
Finished building: TOGGLE_LED.hex
 
19:10:13 **** Incremental Build of configuration Debug for project TOGGLE_LED ****
make -j16 all 
arm-none-eabi-size   TOGGLE_LED.elf 
   text	   data	    bss	    dec	    hex	filename
    776	      8	   1568	   2352	    930	TOGGLE_LED.elf
Finished building: default.size.stdout
 
